Added 2 of 2 nodes.
Visited 1 (0.5) nodes and performed 0 (0) rotations.

Added 1 of 1 nodes.
Visited 2 (2) nodes and performed 2 (2) rotations.

Node(2, h=1):
  Leaf(0)
  Null

