Added 2 of 2 nodes.
Visited 1 (0.5) nodes and performed 0 (0) rotations.

